// Jest Snapshot v1, https://goo.gl/fbAQLP

exports[`Login button rendered 1`] = `
<button
  class="btn btn-outline-light"
  onClick={[MockFunction]}
  type="button"
>
  "Login"
</button>
`;
